// Jest Snapshot v1, https://goo.gl/fbAQLP

exports[`Home page component renders correctly 1`] = `
<div
  className="w-screen h-screen relative overflow-x-hidden flex flex-col text-white"
>
  <header
    className="w-full flex fixed top-0 z-10 shadow-md items-center justify-between px-6 py-4"
    style={
      Object {
        "backgroundColor": "#4369b2",
      }
    }
  >
    <h1
      className="text-3xl text-white font-bold"
    >
      <span
        className="text-black"
      >
        Cultur
      </span>
      escape
    </h1>
    <section
      className="flex items-center text-2xl"
    >
      <button
        onClick={[Function]}
        type="button"
      >
        <svg
          fill="currentColor"
          height="1em"
          stroke="currentColor"
          strokeWidth="0"
          style={
            Object {
              "color": undefined,
            }
          }
          viewBox="0 0 512 512"
          width="1em"
          xmlns="http://www.w3.org/2000/svg"
        >
          <path
            d="M505 442.7L405.3 343c-4.5-4.5-10.6-7-17-7H372c27.6-35.3 44-79.7 44-128C416 93.1 322.9 0 208 0S0 93.1 0 208s93.1 208 208 208c48.3 0 92.7-16.4 128-44v16.3c0 6.4 2.5 12.5 7 17l99.7 99.7c9.4 9.4 24.6 9.4 33.9 0l28.3-28.3c9.4-9.4 9.4-24.6.1-34zM208 336c-70.7 0-128-57.2-128-128 0-70.7 57.2-128 128-128 70.7 0 128 57.2 128 128 0 70.7-57.2 128-128 128z"
          />
        </svg>
      </button>
    </section>
  </header>
  <main
    className="h-full w-full relative top-16 z-0 grid grid-cols-2 sm:grid-cols-4 lg:grid-cols-6 xl:grid-cols-8"
  />
</div>
`;
